// Jest Snapshot v1, https://goo.gl/fbAQLP

exports[`CartLayout renders correctly CartLayout component 1`] = `
Array [
  <main>
    <div
      className="st-Page__wrapper"
    >
      
    </div>
  </main>,
  <footer
    className="App__footer"
  >
    <a
      className="App__link"
      href="https://frichti.co"
      rel="noopener noreferrer"
      target="_blank"
    >
      frichti.co
    </a>
  </footer>,
]
`;
