// Jest Snapshot v1, https://goo.gl/fbAQLP

exports[`ProductDescription renders correctly ProductDescription component 1`] = `
Array [
  <h2>
    Title
  </h2>,
  <p
    className="description"
  >
    Description
  </p>,
  <div
    className="st-Item__pricing"
  >
    Quantité : 
    2
  </div>,
]
`;
