// Jest Snapshot v1, https://goo.gl/fbAQLP

exports[`CartItem renders correctly CartItem component 1`] = `
<div
  className="st-Item"
>
  <div
    className="st-Item__image st-Item__image--small"
  >
    <div
      className="st-Item__image"
    >
      <img
        alt="Item"
        className="image"
        onError={[Function]}
        src="http://example.com"
      />
    </div>
  </div>
  <div
    className="st-Item__content"
  >
    <div
      className="st-Item__description"
    >
      <h2
        className="st-Item__title st-Item__title--big"
      >
        Item
      </h2>
      <div
        className="st-Item__content"
      >
        <p
          className="st-Item__description-text"
        >
          Description
        </p>
        <div
          className="st-Item__pricing"
        >
          Quantité : 
          2
        </div>
      </div>
    </div>
    <div
      className="st-Item__actions"
    >
      <button
        className="st-Edit-button__button st-Edit-button__button--dark"
        onClick={[Function]}
        type="button"
      >
        <img
          alt="minus"
          className="st-Edit-button__icon--white"
          fill="white"
          src="minus.svg"
        />
      </button>
      <button
        className="st-Edit-button__button st-Edit-button__button--light"
        onClick={[Function]}
        type="button"
      >
        <img
          alt="plus"
          className="st-Edit-button__icon--dark"
          fill="white"
          src="plus.svg"
        />
      </button>
    </div>
  </div>
</div>
`;
