// Jest Snapshot v1, https://goo.gl/fbAQLP

exports[`CartItem renders correctly CartItem component 1`] = `
<div
  className="st-Item"
>
  <div
    className="st-Item__image st-Item__image--small"
  >
    <img
      alt="Item"
      className="image"
      onError={[Function]}
      src="http://example.com"
    />
  </div>
  <div
    className="st-Item__content"
  >
    <h2>
      Item
    </h2>
    <p
      className="description"
    >
      Description
    </p>
    <div
      className="st-Item__pricing"
    >
      Quantité : 
      2
    </div>
    <div
      className="st-Item__extra"
    >
      <button
        className="st-Edit-button__button st-Edit-button__button--dark button disabled"
        onClick={[Function]}
        type="button"
      >
        <img
          alt="minus"
          className="st-Edit-button__icon--white"
          fill="white"
          src="minus.svg"
        />
      </button>
      <button
        className="st-Edit-button__button st-Edit-button__button--light button disabled"
        onClick={[Function]}
        type="button"
      >
        <img
          alt="plus"
          className="st-Edit-button__icon--dark"
          fill="white"
          src="plus.svg"
        />
      </button>
    </div>
  </div>
</div>
`;
